client/src/components/admin/CorsTestTool.tsx(7,63): error TS2307: Cannot find module '@/utils/cors-test' or its corresponding type declarations.
client/src/components/admin/ProjectForm.tsx(527,31): error TS2322: Type 'Element' is not assignable to type 'string'.
client/src/components/Layout.tsx(52,22): error TS2554: Expected 0 arguments, but got 1.
client/src/hooks/use-enhanced-firestore.ts(495,29): error TS2352: Conversion of type 'Omit<T, "id"> & { id: string; _offlineCreated: boolean; createdAt: Date; updatedAt: Date; }' to type 'T' may be a mistake because neither type sufficiently overlaps with the other. If this was intentional, convert the expression to 'unknown' first.
  'Omit<T, "id"> & { id: string; _offlineCreated: boolean; createdAt: Date; updatedAt: Date; }' is assignable to the constraint of type 'T', but 'T' could be instantiated with a different subtype of constraint 'DocumentData'.
client/src/hooks/use-enhanced-firestore.ts(638,29): error TS2352: Conversion of type '{ [field: string]: any; } & Partial<T> & { id: string; _offlineUpdated: boolean; updatedAt: Date; }' to type 'T' may be a mistake because neither type sufficiently overlaps with the other. If this was intentional, convert the expression to 'unknown' first.
  '{ [field: string]: any; } & Partial<T> & { id: string; _offlineUpdated: boolean; updatedAt: Date; }' is assignable to the constraint of type 'T', but 'T' could be instantiated with a different subtype of constraint 'DocumentData'.
client/src/hooks/use-firestore.ts(26,60): error TS2554: Expected 1 arguments, but got 2.
client/src/lib/analytics.ts(79,7): error TS2322: Type 'Location' is not assignable to type 'string'.
client/src/lib/imageLazyLoading.ts(8,10): error TS2305: Module '"./imageOptimizer"' has no exported member 'optimizeCloudinaryUrl'.
server/firestore-storage.ts(100,13): error TS2322: Type '{ id: number; username: string; password: string; name?: string | null | undefined; }' is not assignable to type '{ id: number; username: string; password: string; name: string | null; }'.
  Types of property 'name' are incompatible.
    Type 'string | null | undefined' is not assignable to type 'string | null'.
      Type 'undefined' is not assignable to type 'string | null'.
server/firestore-storage.ts(191,13): error TS2322: Type '{ id: number; published: boolean; authorImage: string | null; coverImage: string | null; publishedAt: Date; categoryId: number | null; title: string; slug: string; excerpt: string; ... 6 more ...; tags?: string[] | ... 1 more ... | undefined; }' is not assignable to type '{ id: number; title: string; slug: string; excerpt: string; content: string; published: boolean; authorName: string; authorImage: string | null; coverImage: string | null; coverImageAlt: string | null; ... 5 more ...; categoryId: number | null; }'.
  Types of property 'coverImageAlt' are incompatible.
    Type 'string | null | undefined' is not assignable to type 'string | null'.
      Type 'undefined' is not assignable to type 'string | null'.
server/firestore-storage.ts(513,32): error TS2352: Conversion of type '{ id: string; docId: string; firebaseId: string; link: string | null; image: string | null; gallery: string[] | null; fullDescription: string | null; clientName: string | null; completionDate: string | null; ... 12 more ...; technologies: string[]; }' to type '{ id: number; link: string | null; title: string; description: string; fullDescription: string | null; image: string | null; gallery: string[] | null; category: string; technologies: string[]; ... 8 more ...; order: number | null; }' may be a mistake because neither type sufficiently overlaps with the other. If this was intentional, convert the expression to 'unknown' first.
  Types of property 'id' are incompatible.
    Type 'string' is not comparable to type 'number'.
server/firestore-storage.ts(577,58): error TS2339: Property 'id' does not exist on type 'never'.
server/firestore-storage.ts(578,58): error TS2339: Property 'id' does not exist on type 'never'.
server/firestore-storage.ts(590,80): error TS2339: Property 'id' does not exist on type 'never'.
server/firestore-storage.ts(596,27): error TS2339: Property 'id' does not exist on type 'never'.
server/firestore-storage.ts(597,32): error TS2339: Property 'id' does not exist on type 'never'.
server/firestore-storage.ts(678,63): error TS2339: Property 'id' does not exist on type 'never'.
server/firestore-storage.ts(679,78): error TS2339: Property 'id' does not exist on type 'never'.
server/firestore-storage.ts(683,57): error TS2339: Property 'id' does not exist on type 'never'.
server/firestore-storage.ts(690,60): error TS2339: Property 'id' does not exist on type 'never'.
server/firestore-storage.ts(693,90): error TS2339: Property 'id' does not exist on type 'never'.
server/firestore-storage.ts(718,11): error TS2353: Object literal may only specify known properties, and 'features' does not exist in type '{ id: number; title: string; slug: string; description: string; icon: string; }'.
server/firestore-storage.ts(726,11): error TS2353: Object literal may only specify known properties, and 'features' does not exist in type '{ id: number; title: string; slug: string; description: string; icon: string; }'.
server/firestore-storage.ts(734,11): error TS2353: Object literal may only specify known properties, and 'features' does not exist in type '{ id: number; title: string; slug: string; description: string; icon: string; }'.
server/firestore-storage.ts(742,11): error TS2353: Object literal may only specify known properties, and 'features' does not exist in type '{ id: number; title: string; slug: string; description: string; icon: string; }'.
server/firestore-storage.ts(750,11): error TS2353: Object literal may only specify known properties, and 'features' does not exist in type '{ id: number; title: string; slug: string; description: string; icon: string; }'.
server/firestore-storage.ts(758,11): error TS2353: Object literal may only specify known properties, and 'features' does not exist in type '{ id: number; title: string; slug: string; description: string; icon: string; }'.
server/firestore-storage.ts(766,11): error TS2353: Object literal may only specify known properties, and 'features' does not exist in type '{ id: number; title: string; slug: string; description: string; icon: string; }'.
server/firestore-storage.ts(774,11): error TS2353: Object literal may only specify known properties, and 'features' does not exist in type '{ id: number; title: string; slug: string; description: string; icon: string; }'.
server/ssr-production.tsx(53,9): error TS7034: Variable 'prefetchedData' implicitly has type 'any[]' in some locations where its type cannot be determined.
server/ssr-production.tsx(105,57): error TS2339: Property 'createdAt' does not exist on type '{ id: number; title: string; slug: string; excerpt: string; content: string; published: boolean; authorName: string; authorImage: string | null; coverImage: string | null; coverImageAlt: string | null; ... 5 more ...; categoryId: number | null; }'.
server/ssr-production.tsx(106,36): error TS2339: Property 'updatedAt' does not exist on type '{ id: number; title: string; slug: string; excerpt: string; content: string; published: boolean; authorName: string; authorImage: string | null; coverImage: string | null; coverImageAlt: string | null; ... 5 more ...; categoryId: number | null; }'.
server/ssr-production.tsx(106,54): error TS2339: Property 'createdAt' does not exist on type '{ id: number; title: string; slug: string; excerpt: string; content: string; published: boolean; authorName: string; authorImage: string | null; coverImage: string | null; coverImageAlt: string | null; ... 5 more ...; categoryId: number | null; }'.
server/ssr-production.tsx(109,30): error TS2339: Property 'author' does not exist on type '{ id: number; title: string; slug: string; excerpt: string; content: string; published: boolean; authorName: string; authorImage: string | null; coverImage: string | null; coverImageAlt: string | null; ... 5 more ...; categoryId: number | null; }'.
server/ssr-production.tsx(149,32): error TS2339: Property 'name' does not exist on type '{ id: number; title: string; slug: string; description: string; icon: string; }'.
server/ssr-production.tsx(150,35): error TS2551: Property 'shortDescription' does not exist on type '{ id: number; title: string; slug: string; description: string; icon: string; }'. Did you mean 'description'?
server/ssr-production.tsx(155,31): error TS2339: Property 'name' does not exist on type '{ id: number; title: string; slug: string; description: string; icon: string; }'.
server/ssr-production.tsx(251,48): error TS7005: Variable 'prefetchedData' implicitly has an 'any[]' type.
